exports[`BusinessList renders details 1`] = `
<div
  className="bus-list">
  <ul
    className="list-group" />
  <br />
  <ul
    className="pagination">
    <li
      className="disabled"
      onClick={[Function]}>
      <a
        href="#">
        first
      </a>
    </li>
    <li
      className="disabled"
      onClick={[Function]}>
      <a
        href="#">
        prev
      </a>
    </li>
    <li
      className="active"
      onClick={[Function]}>
      <a
        href="#">
        1
      </a>
    </li>
    <li
      className=""
      onClick={[Function]}>
      <a
        href="#">
        2
      </a>
    </li>
    <li
      className=""
      onClick={[Function]}>
      <a
        href="#">
        3
      </a>
    </li>
    <li
      className=""
      onClick={[Function]}>
      <a
        href="#">
        4
      </a>
    </li>
    <li
      className=""
      onClick={[Function]}>
      <a
        href="#">
        5
      </a>
    </li>
    <li
      className=""
      onClick={[Function]}>
      <a
        href="#">
        6
      </a>
    </li>
    <li
      className=""
      onClick={[Function]}>
      <a
        href="#">
        7
      </a>
    </li>
    <li
      className=""
      onClick={[Function]}>
      <a
        href="#">
        8
      </a>
    </li>
    <li
      className=""
      onClick={[Function]}>
      <a
        href="#">
        9
      </a>
    </li>
    <li
      className=""
      onClick={[Function]}>
      <a
        href="#">
        next
      </a>
    </li>
    <li
      className=""
      onClick={[Function]}>
      <a
        href="#">
        last
      </a>
    </li>
  </ul>
  <a
    className="ol-img"
    href="http://www.ownlocal.com/">
    <img
      src="https://encrypted-tbn3.gstatic.com/images?q=tbn:ANd9GcTJAtzGDIuAddcpYED5NIhIcKu10erWD74zYdoGHE-lWGDOvvf-" />
  </a>
</div>
`;
